[ 2237413ms] [LOG] [Fast Refresh] rebuilding @ http://localhost:3002/_next/static/chunks/node_modules_next_dist_1ybzpk2._.js:2489
[ 2237482ms] [LOG] [Fast Refresh] done in 88ms @ http://localhost:3002/_next/static/chunks/node_modules_next_dist_1ybzpk2._.js:2489
[ 2316442ms] [LOG] [Fast Refresh] rebuilding @ http://localhost:3002/_next/static/chunks/node_modules_next_dist_1ybzpk2._.js:2489
[ 2316500ms] [LOG] [Fast Refresh] done in 36ms @ http://localhost:3002/_next/static/chunks/node_modules_next_dist_1ybzpk2._.js:2489
[ 2347802ms] [LOG] [Fast Refresh] rebuilding @ http://localhost:3002/_next/static/chunks/node_modules_next_dist_1ybzpk2._.js:2489
[ 2347869ms] [LOG] [Fast Refresh] done in 45ms @ http://localhost:3002/_next/static/chunks/node_modules_next_dist_1ybzpk2._.js:2489
[ 2383487ms] [LOG] [Fast Refresh] rebuilding @ http://localhost:3002/_next/static/chunks/node_modules_next_dist_1ybzpk2._.js:2489
[ 2383524ms] [LOG] [Fast Refresh] done in 26ms @ http://localhost:3002/_next/static/chunks/node_modules_next_dist_1ybzpk2._.js:2489
[ 2442095ms] [LOG] [Fast Refresh] rebuilding @ http://localhost:3002/_next/static/chunks/node_modules_next_dist_1ybzpk2._.js:2489
[ 2442181ms] [LOG] [Fast Refresh] done in 39ms @ http://localhost:3002/_next/static/chunks/node_modules_next_dist_1ybzpk2._.js:2489
[ 2442308ms] [LOG] [Fast Refresh] rebuilding @ http://localhost:3002/_next/static/chunks/node_modules_next_dist_1ybzpk2._.js:2489
[ 2442389ms] [LOG] [Fast Refresh] done in 181ms @ http://localhost:3002/_next/static/chunks/node_modules_next_dist_1ybzpk2._.js:2489
[ 2448783ms] [LOG] [Fast Refresh] rebuilding @ http://localhost:3002/_next/static/chunks/node_modules_next_dist_1ybzpk2._.js:2489
[ 2449958ms] [LOG] [Fast Refresh] done in 890ms @ http://localhost:3002/_next/static/chunks/node_modules_next_dist_1ybzpk2._.js:2489
[ 2450081ms] [LOG] [Fast Refresh] rebuilding @ http://localhost:3002/_next/static/chunks/node_modules_next_dist_1ybzpk2._.js:2489
[ 2450112ms] [LOG] [Fast Refresh] done in 132ms @ http://localhost:3002/_next/static/chunks/node_modules_next_dist_1ybzpk2._.js:2489
[ 2451022ms] [INFO] %cDownload the React DevTools for a better development experience: https://react.dev/link/react-devtools font-weight:bold @ http://localhost:3002/_next/static/chunks/node_modules_next_dist_1ybzpk2._.js:2489
[ 2451058ms] [LOG] [HMR] connected @ http://localhost:3002/_next/static/chunks/node_modules_next_dist_1ybzpk2._.js:2489
[ 2451350ms] [WARNING] Image with src "https://prgaleri.my.canva.site/_assets/media/08b4561a31eb6d4a50dcf2cf5e8c2db0.png" was detected as the Largest Contentful Paint (LCP). Please add the `loading="eager"` property if this image is above the fold.
Read more: https://nextjs.org/docs/app/api-reference/components/image#loading @ http://localhost:3002/_next/static/chunks/node_modules_next_dist_1ybzpk2._.js:2489
[ 2453419ms] [LOG] [Fast Refresh] rebuilding @ http://localhost:3002/_next/static/chunks/node_modules_next_dist_1ybzpk2._.js:2489
[ 2453728ms] [LOG] [Fast Refresh] done in 407ms @ http://localhost:3002/_next/static/chunks/node_modules_next_dist_1ybzpk2._.js:2489
[ 2453802ms] [WARNING] Image with src "https://placehold.co/480x600/1F3A2E/FBF9F4.png?text=PR+Galeri" was detected as the Largest Contentful Paint (LCP). Please add the `loading="eager"` property if this image is above the fold.
Read more: https://nextjs.org/docs/app/api-reference/components/image#loading @ http://localhost:3002/_next/static/chunks/node_modules_next_dist_1ybzpk2._.js:2489
[ 2453839ms] [LOG] [Fast Refresh] rebuilding @ http://localhost:3002/_next/static/chunks/node_modules_next_dist_1ybzpk2._.js:2489
[ 2454032ms] [LOG] [Fast Refresh] done in 295ms @ http://localhost:3002/_next/static/chunks/node_modules_next_dist_1ybzpk2._.js:2489
[ 2454236ms] [LOG] [Fast Refresh] rebuilding @ http://localhost:3002/_next/static/chunks/node_modules_next_dist_1ybzpk2._.js:2489
[ 2454292ms] [LOG] [Fast Refresh] done in 158ms @ http://localhost:3002/_next/static/chunks/node_modules_next_dist_1ybzpk2._.js:2489
[ 2454930ms] [INFO] %cDownload the React DevTools for a better development experience: https://react.dev/link/react-devtools font-weight:bold @ http://localhost:3002/_next/static/chunks/node_modules_next_dist_1ybzpk2._.js:2489
[ 2454940ms] [LOG] [HMR] connected @ http://localhost:3002/_next/static/chunks/node_modules_next_dist_1ybzpk2._.js:2489
[ 2462054ms] [ERROR] Failed to load resource: the server responded with a status of 500 (Internal Server Error) @ http://localhost:3002/_next/image?url=https%3A%2F%2Fprgaleri.my.canva.site%2F_assets%2Fmedia%2Fd63df7f70632a7435a79167cdd36d507.png&w=640&q=75:0
[ 2462054ms] [ERROR] Failed to load resource: the server responded with a status of 500 (Internal Server Error) @ http://localhost:3002/_next/image?url=https%3A%2F%2Fprgaleri.my.canva.site%2F_assets%2Fmedia%2F989cee9e424cfdc9331d6638d774d559.png&w=640&q=75:0
[ 2462096ms] [ERROR] Failed to load resource: the server responded with a status of 500 (Internal Server Error) @ http://localhost:3002/_next/image?url=https%3A%2F%2Fprgaleri.my.canva.site%2F_assets%2Fmedia%2Fa3dfd8d455874d09b216388a603f0bb5.png&w=640&q=75:0
[ 2462096ms] [ERROR] Failed to load resource: the server responded with a status of 500 (Internal Server Error) @ http://localhost:3002/_next/image?url=https%3A%2F%2Fprgaleri.my.canva.site%2F_assets%2Fmedia%2Fc90518ccac55205a09895fad48adbd98.png&w=640&q=75:0
[ 2462150ms] [WARNING] Image with src "https://prgaleri.my.canva.site/_assets/media/d63df7f70632a7435a79167cdd36d507.png" was detected as the Largest Contentful Paint (LCP). Please add the `loading="eager"` property if this image is above the fold.
Read more: https://nextjs.org/docs/app/api-reference/components/image#loading @ http://localhost:3002/_next/static/chunks/node_modules_next_dist_1ybzpk2._.js:2489
[ 2462769ms] [LOG] [Fast Refresh] rebuilding @ http://localhost:3002/_next/static/chunks/node_modules_next_dist_1ybzpk2._.js:2489
[ 2462836ms] [LOG] [Fast Refresh] done in 35ms @ http://localhost:3002/_next/static/chunks/node_modules_next_dist_1ybzpk2._.js:2489
[ 2473082ms] [LOG] [Fast Refresh] rebuilding @ http://localhost:3002/_next/static/chunks/node_modules_next_dist_1ybzpk2._.js:2489
[ 2473151ms] [LOG] [Fast Refresh] done in 25ms @ http://localhost:3002/_next/static/chunks/node_modules_next_dist_1ybzpk2._.js:2489
[ 2489103ms] [WARNING] Image with src "https://prgaleri.my.canva.site/_assets/media/08b4561a31eb6d4a50dcf2cf5e8c2db0.png" was detected as the Largest Contentful Paint (LCP). Please add the `loading="eager"` property if this image is above the fold.
Read more: https://nextjs.org/docs/app/api-reference/components/image#loading @ http://localhost:3002/_next/static/chunks/node_modules_next_dist_1ybzpk2._.js:2489
